node:internal/fs/watchers:323
    const error = new UVException({
                  ^

Error: EBUSY: resource busy or locked, watch 'C:\Users\valir\Desktop\заказсайта\НовыйСайтСыторус\public\images\syto-napintki.png'
    at FSWatcher.<computed> (node:internal/fs/watchers:323:19)
    at Object.watch (node:fs:2609:36)
    at createFsWatchInstance (file:///C:/Users/valir/Desktop/%D0%B7%D0%B0%D0%BA%D0%B0%D0%B7%D1%81%D0%B0%D0%B9%D1%82%D0%B0/%D0%9D%D0%BE%D0%B2%D1%8B%D0%B9%D0%A1%D0%B0%D0%B9%D1%82%D0%A1%D1%8B%D1%82%D0%BE%D1%80%D1%83%D1%81/node_modules/vite/dist/node/chunks/dep-BK3b2jBa.js:42780:17)
    at setFsWatchListener (file:///C:/Users/valir/Desktop/%D0%B7%D0%B0%D0%BA%D0%B0%D0%B7%D1%81%D0%B0%D0%B9%D1%82%D0%B0/%D0%9D%D0%BE%D0%B2%D1%8B%D0%B9%D0%A1%D0%B0%D0%B9%D1%82%D0%A1%D1%8B%D1%82%D0%BE%D1%80%D1%83%D1%81/node_modules/vite/dist/node/chunks/dep-BK3b2jBa.js:42827:15)
    at NodeFsHandler._watchWithNodeFs (file:///C:/Users/valir/Desktop/%D0%B7%D0%B0%D0%BA%D0%B0%D0%B7%D1%81%D0%B0%D0%B9%D1%82%D0%B0/%D0%9D%D0%BE%D0%B2%D1%8B%D0%B9%D0%A1%D0%B0%D0%B9%D1%82%D0%A1%D1%8B%D1%82%D0%BE%D1%80%D1%83%D1%81/node_modules/vite/dist/node/chunks/dep-BK3b2jBa.js:42982:14)
    at NodeFsHandler._handleFile (file:///C:/Users/valir/Desktop/%D0%B7%D0%B0%D0%BA%D0%B0%D0%B7%D1%81%D0%B0%D0%B9%D1%82%D0%B0/%D0%9D%D0%BE%D0%B2%D1%8B%D0%B9%D0%A1%D0%B0%D0%B9%D1%82%D0%A1%D1%8B%D1%82%D0%BE%D1%80%D1%83%D1%81/node_modules/vite/dist/node/chunks/dep-BK3b2jBa.js:43046:23)
    at NodeFsHandler._addToNodeFs (file:///C:/Users/valir/Desktop/%D0%B7%D0%B0%D0%BA%D0%B0%D0%B7%D1%81%D0%B0%D0%B9%D1%82%D0%B0/%D0%9D%D0%BE%D0%B2%D1%8B%D0%B9%D0%A1%D0%B0%D0%B9%D1%82%D0%A1%D1%8B%D1%82%D0%BE%D1%80%D1%83%D1%81/node_modules/vite/dist/node/chunks/dep-BK3b2jBa.js:43288:21)
Emitted 'error' event on FSWatcher instance at:
    at FSWatcher._handleError (file:///C:/Users/valir/Desktop/%D0%B7%D0%B0%D0%BA%D0%B0%D0%B7%D1%81%D0%B0%D0%B9%D1%82%D0%B0/%D0%9D%D0%BE%D0%B2%D1%8B%D0%B9%D0%A1%D0%B0%D0%B9%D1%82%D0%A1%D1%8B%D1%82%D0%BE%D1%80%D1%83%D1%81/node_modules/vite/dist/node/chunks/dep-BK3b2jBa.js:44481:10)
    at NodeFsHandler._addToNodeFs (file:///C:/Users/valir/Desktop/%D0%B7%D0%B0%D0%BA%D0%B0%D0%B7%D1%81%D0%B0%D0%B9%D1%82%D0%B0/%D0%9D%D0%BE%D0%B2%D1%8B%D0%B9%D0%A1%D0%B0%D0%B9%D1%82%D0%A1%D1%8B%D1%82%D0%BE%D1%80%D1%83%D1%81/node_modules/vite/dist/node/chunks/dep-BK3b2jBa.js:43296:18) {
  errno: -4082,
  syscall: 'watch',
  code: 'EBUSY',
  path: 'C:\\Users\\valir\\Desktop\\заказсайта\\НовыйСайтСыторус\\public\\images\\syto-napintki.png',
  filename: 'C:\\Users\\valir\\Desktop\\заказсайта\\НовыйСайтСыторус\\public\\images\\syto-napintki.png'
}

Node.js v24.19.0
